// Jest Snapshot v1, https://goo.gl/fbAQLP

exports[`ExamplePage snapshot should render correctly 1`] = `
<form
  onSubmit={[Function]}
>
  <h1>
    Boilerplate
  </h1>
  <h2>
    This is an example form
  </h2>
  <div>
    <section
      className="alert-information-form"
    >
      <span
        className="fa fa-info-circle"
      />
      <p
        dangerouslySetInnerHTML={
          Object {
            "__html": "This is a boilerplate, enjoy!",
          }
        }
      />
    </section>
  </div>
  <fieldset>
    <legend
      className="sr-only"
    >
      Go to next page?
    </legend>
    <div
      className="input-radio-container"
      role="radiogroup"
    >
      <input
        defaultChecked={true}
        disabled={undefined}
        id="yes"
        name="example"
        onChange={[Function]}
        type="radio"
        value="yes"
      />
      <label
        htmlFor="yes"
      >
        Yes
      </label>
    </div>
    <div
      className="input-radio-container"
      role="radiogroup"
    >
      <input
        defaultChecked={false}
        disabled={undefined}
        id="no"
        name="example"
        onChange={[Function]}
        type="radio"
        value="no"
      />
      <label
        htmlFor="no"
      >
        No
      </label>
    </div>
  </fieldset>
  <button
    className="button-primary"
    disabled={false}
    id={undefined}
    onClick={undefined}
    type="submit"
  >
    Next step
  </button>
</form>
`;
